Archive member included to satisfy reference by file (symbol)

f:/toolchain_arm/bin/../lib/gcc/arm-none-eabi/5.2.1/../../../../arm-none-eabi/lib/armv7e-m\libg_nano.a(lib_a-errno.o)
                              ./system/src/newlib/_sbrk.o (__errno)
f:/toolchain_arm/bin/../lib/gcc/arm-none-eabi/5.2.1/../../../../arm-none-eabi/lib/armv7e-m\libg_nano.a(lib_a-impure.o)
                              f:/toolchain_arm/bin/../lib/gcc/arm-none-eabi/5.2.1/../../../../arm-none-eabi/lib/armv7e-m\libg_nano.a(lib_a-errno.o) (_impure_ptr)
f:/toolchain_arm/bin/../lib/gcc/arm-none-eabi/5.2.1/../../../../arm-none-eabi/lib/armv7e-m\libg_nano.a(lib_a-init.o)
                              ./system/src/cmsis/startup_stm32f401xx.o (__libc_init_array)
f:/toolchain_arm/bin/../lib/gcc/arm-none-eabi/5.2.1/../../../../arm-none-eabi/lib/armv7e-m\libg_nano.a(lib_a-strlen.o)
                              ./system/src/diag/Trace.o (strlen)
f:/toolchain_arm/bin/../lib/gcc/arm-none-eabi/5.2.1/../../../../arm-none-eabi/lib/armv7e-m\libg_nano.a(lib_a-vsnprintf.o)
                              ./system/src/diag/Trace.o (vsnprintf)
f:/toolchain_arm/bin/../lib/gcc/arm-none-eabi/5.2.1/../../../../arm-none-eabi/lib/armv7e-m\libg_nano.a(lib_a-nano-svfprintf.o)
                              f:/toolchain_arm/bin/../lib/gcc/arm-none-eabi/5.2.1/../../../../arm-none-eabi/lib/armv7e-m\libg_nano.a(lib_a-vsnprintf.o) (_svfprintf_r)
f:/toolchain_arm/bin/../lib/gcc/arm-none-eabi/5.2.1/../../../../arm-none-eabi/lib/armv7e-m\libg_nano.a(lib_a-nano-vfprintf_i.o)
                              f:/toolchain_arm/bin/../lib/gcc/arm-none-eabi/5.2.1/../../../../arm-none-eabi/lib/armv7e-m\libg_nano.a(lib_a-nano-svfprintf.o) (_printf_i)
f:/toolchain_arm/bin/../lib/gcc/arm-none-eabi/5.2.1/../../../../arm-none-eabi/lib/armv7e-m\libg_nano.a(lib_a-memchr.o)
                              f:/toolchain_arm/bin/../lib/gcc/arm-none-eabi/5.2.1/../../../../arm-none-eabi/lib/armv7e-m\libg_nano.a(lib_a-nano-svfprintf.o) (memchr)
f:/toolchain_arm/bin/../lib/gcc/arm-none-eabi/5.2.1/../../../../arm-none-eabi/lib/armv7e-m\libg_nano.a(lib_a-memcpy-stub.o)
                              f:/toolchain_arm/bin/../lib/gcc/arm-none-eabi/5.2.1/../../../../arm-none-eabi/lib/armv7e-m\libg_nano.a(lib_a-nano-svfprintf.o) (memcpy)
f:/toolchain_arm/bin/../lib/gcc/arm-none-eabi/5.2.1/../../../../arm-none-eabi/lib/armv7e-m\libg_nano.a(lib_a-memmove.o)
                              f:/toolchain_arm/bin/../lib/gcc/arm-none-eabi/5.2.1/../../../../arm-none-eabi/lib/armv7e-m\libg_nano.a(lib_a-nano-svfprintf.o) (memmove)
f:/toolchain_arm/bin/../lib/gcc/arm-none-eabi/5.2.1/../../../../arm-none-eabi/lib/armv7e-m\libg_nano.a(lib_a-nano-freer.o)
                              f:/toolchain_arm/bin/../lib/gcc/arm-none-eabi/5.2.1/../../../../arm-none-eabi/lib/armv7e-m\libg_nano.a(lib_a-nano-svfprintf.o) (_free_r)
f:/toolchain_arm/bin/../lib/gcc/arm-none-eabi/5.2.1/../../../../arm-none-eabi/lib/armv7e-m\libg_nano.a(lib_a-nano-mallocr.o)
                              f:/toolchain_arm/bin/../lib/gcc/arm-none-eabi/5.2.1/../../../../arm-none-eabi/lib/armv7e-m\libg_nano.a(lib_a-nano-svfprintf.o) (_malloc_r)
f:/toolchain_arm/bin/../lib/gcc/arm-none-eabi/5.2.1/../../../../arm-none-eabi/lib/armv7e-m\libg_nano.a(lib_a-nano-reallocr.o)
                              f:/toolchain_arm/bin/../lib/gcc/arm-none-eabi/5.2.1/../../../../arm-none-eabi/lib/armv7e-m\libg_nano.a(lib_a-nano-svfprintf.o) (_realloc_r)
f:/toolchain_arm/bin/../lib/gcc/arm-none-eabi/5.2.1/../../../../arm-none-eabi/lib/armv7e-m\libg_nano.a(lib_a-sbrkr.o)
                              f:/toolchain_arm/bin/../lib/gcc/arm-none-eabi/5.2.1/../../../../arm-none-eabi/lib/armv7e-m\libg_nano.a(lib_a-nano-mallocr.o) (_sbrk_r)
f:/toolchain_arm/bin/../lib/gcc/arm-none-eabi/5.2.1/../../../../arm-none-eabi/lib/armv7e-m\libg_nano.a(lib_a-nano-msizer.o)
                              f:/toolchain_arm/bin/../lib/gcc/arm-none-eabi/5.2.1/../../../../arm-none-eabi/lib/armv7e-m\libg_nano.a(lib_a-nano-reallocr.o) (_malloc_usable_size_r)

Allocating common symbols
Common symbol       size              file

errno               0x4               ./system/src/newlib/_syscalls.o
JumpToBootloader    0x4               ./src/Boot_jumper.o

Discarded input sections

 .group         0x00000000        0x8 ./system/src/stm32f4-spl/misc.o
 .group         0x00000000        0x8 ./system/src/stm32f4-spl/misc.o
 .group         0x00000000        0x8 ./system/src/stm32f4-spl/misc.o
 .group         0x00000000        0x8 ./system/src/stm32f4-spl/misc.o
 .group         0x00000000        0x8 ./system/src/stm32f4-spl/misc.o
 .group         0x00000000        0x8 ./system/src/stm32f4-spl/misc.o
 .group         0x00000000        0x8 ./system/src/stm32f4-spl/misc.o
 .group         0x00000000        0x8 ./system/src/stm32f4-spl/misc.o
 .group         0x00000000        0x8 ./system/src/stm32f4-spl/misc.o
[...]
Memory Configuration

Name             Origin             Length             Attributes
RAM              0x20000000         0x00010000         xrw
CCMRAM           0x10000000         0x00000000         xrw
FLASH            0x08000000         0x00100000         xr
FLASHB1          0x00000000         0x00000000         xr
EXTMEMB0         0x00000000         0x00000000         xr
EXTMEMB1         0x00000000         0x00000000         xr
EXTMEMB2         0x00000000         0x00000000         xr
EXTMEMB3         0x00000000         0x00000000         xr
*default*        0x00000000         0xffffffff

Linker script and memory map

LOAD ./system/src/stm32f4-spl/misc.o
LOAD ./system/src/stm32f4-spl/stm32f4xx_adc.o
LOAD ./system/src/stm32f4-spl/stm32f4xx_can.o
LOAD ./system/src/stm32f4-spl/stm32f4xx_cec.o
LOAD ./system/src/stm32f4-spl/stm32f4xx_crc.o
LOAD ./system/src/stm32f4-spl/stm32f4xx_cryp.o
LOAD ./system/src/stm32f4-spl/stm32f4xx_cryp_aes.o
LOAD ./system/src/stm32f4-spl/stm32f4xx_cryp_des.o
LOAD ./system/src/stm32f4-spl/stm32f4xx_cryp_tdes.o
LOAD ./system/src/stm32f4-spl/stm32f4xx_dac.o
LOAD ./system/src/stm32f4-spl/stm32f4xx_dbgmcu.o
LOAD ./system/src/stm32f4-spl/stm32f4xx_dcmi.o
LOAD ./system/src/stm32f4-spl/stm32f4xx_dma.o
LOAD ./system/src/stm32f4-spl/stm32f4xx_dma2d.o
LOAD ./system/src/stm32f4-spl/stm32f4xx_exti.o
LOAD ./system/src/stm32f4-spl/stm32f4xx_flash.o
LOAD ./system/src/stm32f4-spl/stm32f4xx_flash_ramfunc.o
LOAD ./system/src/stm32f4-spl/stm32f4xx_fmpi2c.o
LOAD ./system/src/stm32f4-spl/stm32f4xx_gpio.o
LOAD ./system/src/stm32f4-spl/stm32f4xx_hash.o
LOAD ./system/src/stm32f4-spl/stm32f4xx_hash_md5.o
LOAD ./system/src/stm32f4-spl/stm32f4xx_hash_sha1.o
LOAD ./system/src/stm32f4-spl/stm32f4xx_i2c.o
LOAD ./system/src/stm32f4-spl/stm32f4xx_iwdg.o
LOAD ./system/src/stm32f4-spl/stm32f4xx_ltdc.o
LOAD ./system/src/stm32f4-spl/stm32f4xx_pwr.o
LOAD ./system/src/stm32f4-spl/stm32f4xx_qspi.o
LOAD ./system/src/stm32f4-spl/stm32f4xx_rcc.o
LOAD ./system/src/stm32f4-spl/stm32f4xx_rng.o
LOAD ./system/src/stm32f4-spl/stm32f4xx_rtc.o
LOAD ./system/src/stm32f4-spl/stm32f4xx_sai.o
LOAD ./system/src/stm32f4-spl/stm32f4xx_sdio.o
LOAD ./system/src/stm32f4-spl/stm32f4xx_spdifrx.o
LOAD ./system/src/stm32f4-spl/stm32f4xx_spi.o
LOAD ./system/src/stm32f4-spl/stm32f4xx_syscfg.o
LOAD ./system/src/stm32f4-spl/stm32f4xx_tim.o
LOAD ./system/src/stm32f4-spl/stm32f4xx_usart.o
LOAD ./system/src/stm32f4-spl/stm32f4xx_wwdg.o
LOAD ./system/src/newlib/_cxx.o
LOAD ./system/src/newlib/_exit.o
LOAD ./system/src/newlib/_sbrk.o
LOAD ./system/src/newlib/_startup.o
LOAD ./system/src/newlib/_syscalls.o
LOAD ./system/src/newlib/assert.o
LOAD ./system/src/diag/Trace.o
LOAD ./system/src/diag/trace_impl.o
LOAD ./system/src/cortexm/_initialize_hardware.o
LOAD ./system/src/cortexm/_reset_hardware.o
LOAD ./system/src/cortexm/exception_handlers.o
LOAD ./system/src/cmsis/startup_stm32f401xx.o
LOAD ./system/src/cmsis/system_stm32f4xx.o
LOAD ./src/Backup_driver.o
LOAD ./src/Backup_manager.o
LOAD ./src/Boot_jumper.o
LOAD ./src/_write.o
LOAD ./src/main.o
LOAD ./src/stm32f4xx_it.o
LOAD ./src/timer_driver.o
LOAD f:/toolchain_arm/bin/../lib/gcc/arm-none-eabi/5.2.1/../../../../arm-none-eabi/lib/armv7e-m\libstdc++_nano.a
LOAD f:/toolchain_arm/bin/../lib/gcc/arm-none-eabi/5.2.1/../../../../arm-none-eabi/lib/armv7e-m\libm.a
START GROUP
LOAD f:/toolchain_arm/bin/../lib/gcc/arm-none-eabi/5.2.1/armv7e-m\libgcc.a
LOAD f:/toolchain_arm/bin/../lib/gcc/arm-none-eabi/5.2.1/../../../../arm-none-eabi/lib/armv7e-m\libg_nano.a
LOAD f:/toolchain_arm/bin/../lib/gcc/arm-none-eabi/5.2.1/../../../../arm-none-eabi/lib/armv7e-m\libc_nano.a
END GROUP
START GROUP
LOAD f:/toolchain_arm/bin/../lib/gcc/arm-none-eabi/5.2.1/armv7e-m\libgcc.a
LOAD f:/toolchain_arm/bin/../lib/gcc/arm-none-eabi/5.2.1/../../../../arm-none-eabi/lib/armv7e-m\libc_nano.a
END GROUP
                0x20010000                __stack = (ORIGIN (RAM) + LENGTH (RAM))
                0x20010000                _estack = __stack
                0x00000400                __Main_Stack_Size = 0x400
                [!provide]                PROVIDE (_Main_Stack_Size, __Main_Stack_Size)
                0x2000fc00                __Main_Stack_Limit = (__stack - __Main_Stack_Size)
                [!provide]                PROVIDE (_Main_Stack_Limit, __Main_Stack_Limit)
                0x00000100                _Minimum_Stack_Size = 0x100
                0x20000128                PROVIDE (_Heap_Begin, _end_noinit)
                0x2000fc00                PROVIDE (_Heap_Limit, (__stack - __Main_Stack_Size))

.isr_vector     0x08000000      0x3f4
 FILL mask 0xff
                0x08000000                __vectors_start = ABSOLUTE (.)
                0x08000000                __vectors_start__ = ABSOLUTE (.)
 *(.isr_vector)
 .isr_vector    0x08000000      0x194 ./system/src/cmsis/startup_stm32f401xx.o
                0x08000000                g_pfnVectors
 *(.cfmconfig)
 *(.after_vectors .after_vectors.*)
 .after_vectors
                0x08000194      0x130 ./system/src/newlib/_startup.o
                0x08000194                _start
 .after_vectors
                0x080002c4      0x130 ./system/src/cortexm/exception_handlers.o
                0x080002c4                Reset_Handler
                0x080002e4                HardFault_Handler_C
                0x0800035c                BusFault_Handler_C
                0x080003a4                UsageFault_Handler_C
                0x080003e4                SysTick_Handler

.inits          0x080003f4       0x28
                0x080003f4                __data_regions_array_start = .
                0x080003f4        0x4 LONG 0x80018a0 LOADADDR (.data)
                0x080003f8        0x4 LONG 0x20000000 ADDR (.data)
                0x080003fc        0x4 LONG 0x20000088 (ADDR (.data) + SIZEOF (.data))
                0x08000400        0x4 LONG 0x80018a0 LOADADDR (.data_CCMRAM)
                0x08000404        0x4 LONG 0x10000000 ADDR (.data_CCMRAM)
                0x08000408        0x4 LONG 0x10000000 (ADDR (.data_CCMRAM) + SIZEOF (.data_CCMRAM))
                0x0800040c                __data_regions_array_end = .
                0x0800040c                __bss_regions_array_start = .
                0x0800040c        0x4 LONG 0x20000088 ADDR (.bss)
                0x08000410        0x4 LONG 0x20000128 (ADDR (.bss) + SIZEOF (.bss))
                0x08000414        0x4 LONG 0x10000000 ADDR (.bss_CCMRAM)
                0x08000418        0x4 LONG 0x10000000 (ADDR (.bss_CCMRAM) + SIZEOF (.bss_CCMRAM))
                0x0800041c                __bss_regions_array_end = .
 *(.init)
 *(.fini)
                0x0800041c                . = ALIGN (0x4)
                0x0800041c                PROVIDE (__preinit_array_start, .)
 *(.preinit_array_sysinit .preinit_array_sysinit.*)
 *(.preinit_array_platform .preinit_array_platform.*)
 *(.preinit_array .preinit_array.*)
                0x0800041c                PROVIDE (__preinit_array_end, .)
                0x0800041c                . = ALIGN (0x4)
                0x0800041c                PROVIDE (__init_array_start, .)
 *(SORT(.init_array.*))
 *(.init_array)
                0x0800041c                PROVIDE (__init_array_end, .)
                0x0800041c                . = ALIGN (0x4)
                0x0800041c                PROVIDE (__fini_array_start, .)
 *(SORT(.fini_array.*))
 *(.fini_array)
                0x0800041c                PROVIDE (__fini_array_end, .)

.flashtext
 *(.flashtext .flashtext.*)

.text           0x08000420     0x147d
 *(.text .text.*)
 .text.PWR_BackupAccessCmd
                0x08000420       0x20 ./system/src/stm32f4-spl/stm32f4xx_pwr.o
                0x08000420                PWR_BackupAccessCmd
 .text.RCC_DeInit
                0x08000440       0x48 ./system/src/stm32f4-spl/stm32f4xx_rcc.o
                0x08000440                RCC_DeInit
 .text.RCC_LSICmd
                0x08000488       0x20 ./system/src/stm32f4-spl/stm32f4xx_rcc.o
                0x08000488                RCC_LSICmd
 .text.RCC_RTCCLKConfig
                0x080004a8      0x140 ./system/src/stm32f4-spl/stm32f4xx_rcc.o
                0x080004a8                RCC_RTCCLKConfig
 .text.RCC_RTCCLKCmd
                0x080005e8       0x20 ./system/src/stm32f4-spl/stm32f4xx_rcc.o
                0x080005e8                RCC_RTCCLKCmd
 .text.RCC_APB1PeriphClockCmd
                0x08000608       0x48 ./system/src/stm32f4-spl/stm32f4xx_rcc.o
                0x08000608                RCC_APB1PeriphClockCmd
 .text.RCC_GetFlagStatus
                0x08000650       0x80 ./system/src/stm32f4-spl/stm32f4xx_rcc.o
                0x08000650                RCC_GetFlagStatus
 .text.RTC_WaitForSynchro
                0x080006d0       0x50 ./system/src/stm32f4-spl/stm32f4xx_rtc.o
                0x080006d0                RTC_WaitForSynchro
 .text.RTC_WriteBackupRegister
                0x08000720       0x38 ./system/src/stm32f4-spl/stm32f4xx_rtc.o
                0x08000720                RTC_WriteBackupRegister
 .text.RTC_ReadBackupRegister
                0x08000758       0x34 ./system/src/stm32f4-spl/stm32f4xx_rtc.o
                0x08000758                RTC_ReadBackupRegister
 .text._exit    0x0800078c        0x4 ./system/src/newlib/_exit.o
                0x0800078c                _exit
 .text.abort    0x08000790       0x14 ./system/src/newlib/_exit.o
                0x08000790                abort
 .text._sbrk    0x080007a4       0x44 ./system/src/newlib/_sbrk.o
                0x080007a4                _sbrk
 .text.__initialize_args
                0x080007e8       0x10 ./system/src/newlib/_syscalls.o
                0x080007e8                __initialize_args
 .text.assert_failed
                0x080007f8       0x14 ./system/src/newlib/assert.o
                0x080007f8                assert_failed
 .text.trace_printf
                0x0800080c       0x30 ./system/src/diag/Trace.o
                0x0800080c                trace_printf
 .text.trace_puts
                0x0800083c       0x20 ./system/src/diag/Trace.o
                0x0800083c                trace_puts
 .text._trace_write_semihosting_debug
                0x0800085c       0x64 ./system/src/diag/trace_impl.o
 .text.trace_write
                0x080008c0        0x8 ./system/src/diag/trace_impl.o
                0x080008c0                trace_write
 .text.__initialize_hardware_early
                0x080008c8       0x18 ./system/src/cortexm/_initialize_hardware.o
                0x080008c8                __initialize_hardware_early
 .text.__initialize_hardware
                0x080008e0        0x8 ./system/src/cortexm/_initialize_hardware.o
                0x080008e0                __initialize_hardware
 .text.dumpExceptionStack
                0x080008e8       0xf0 ./system/src/cortexm/exception_handlers.o
                0x080008e8                dumpExceptionStack
 .text.isSemihosting
                0x080009d8       0x20 ./system/src/cortexm/exception_handlers.o
                0x080009d8                isSemihosting
 .text.Default_Handler
                0x080009f8        0x2 ./system/src/cmsis/startup_stm32f401xx.o
                0x080009f8                RTC_Alarm_IRQHandler
                0x080009f8                EXTI2_IRQHandler
                0x080009f8                SPI4_IRQHandler
                0x080009f8                TIM1_CC_IRQHandler
                0x080009f8                DMA2_Stream5_IRQHandler
                0x080009f8                DMA1_Stream5_IRQHandler
                0x080009f8                PVD_IRQHandler
                0x080009f8                SDIO_IRQHandler
                0x080009f8                TAMP_STAMP_IRQHandler
                0x080009f8                EXTI3_IRQHandler
                0x080009f8                TIM1_UP_TIM10_IRQHandler
                0x080009f8                I2C3_ER_IRQHandler
                0x080009f8                EXTI0_IRQHandler
                0x080009f8                I2C2_EV_IRQHandler
                0x080009f8                DMA1_Stream2_IRQHandler
                0x080009f8                FPU_IRQHandler
                0x080009f8                DMA2_Stream2_IRQHandler
                0x080009f8                SPI1_IRQHandler
                0x080009f8                TIM1_BRK_TIM9_IRQHandler
                0x080009f8                DMA2_Stream3_IRQHandler
                0x080009f8                USART6_IRQHandler
                0x080009f8                DMA2_Stream0_IRQHandler
                0x080009f8                TIM4_IRQHandler
                0x080009f8                I2C1_EV_IRQHandler
                0x080009f8                DMA1_Stream6_IRQHandler
                0x080009f8                DMA1_Stream1_IRQHandler
                0x080009f8                TIM3_IRQHandler
                0x080009f8                RCC_IRQHandler
                0x080009f8                Default_Handler
                0x080009f8                EXTI15_10_IRQHandler
                0x080009f8                ADC_IRQHandler
                0x080009f8                DMA1_Stream7_IRQHandler
                0x080009f8                TIM5_IRQHandler
                0x080009f8                DMA2_Stream7_IRQHandler
                0x080009f8                I2C3_EV_IRQHandler
                0x080009f8                EXTI9_5_IRQHandler
                0x080009f8                RTC_WKUP_IRQHandler
                0x080009f8                SPI2_IRQHandler
                0x080009f8                DMA1_Stream0_IRQHandler
                0x080009f8                EXTI4_IRQHandler
                0x080009f8                WWDG_IRQHandler
                0x080009f8                TIM2_IRQHandler
                0x080009f8                OTG_FS_WKUP_IRQHandler
                0x080009f8                TIM1_TRG_COM_TIM11_IRQHandler
                0x080009f8                EXTI1_IRQHandler
                0x080009f8                USART2_IRQHandler
                0x080009f8                I2C2_ER_IRQHandler
                0x080009f8                DMA2_Stream1_IRQHandler
                0x080009f8                FLASH_IRQHandler
                0x080009f8                DMA2_Stream4_IRQHandler
                0x080009f8                USART1_IRQHandler
                0x080009f8                OTG_FS_IRQHandler
                0x080009f8                SPI3_IRQHandler
                0x080009f8                DMA1_Stream4_IRQHandler
                0x080009f8                I2C1_ER_IRQHandler
                0x080009f8                DMA2_Stream6_IRQHandler
                0x080009f8                DMA1_Stream3_IRQHandler
 *fill*         0x080009fa        0x2 
 .text.SetSysClock
                0x080009fc       0x74 ./system/src/cmsis/system_stm32f4xx.o
 .text.SystemInit
                0x08000a70       0x44 ./system/src/cmsis/system_stm32f4xx.o
                0x08000a70                SystemInit
 .text.SystemCoreClockUpdate
                0x08000ab4       0xa4 ./system/src/cmsis/system_stm32f4xx.o
                0x08000ab4                SystemCoreClockUpdate
 .text.Boot_JumpToBootloaderAfterReset
                0x08000b58       0x2c ./src/Boot_jumper.o
                0x08000b58                Boot_JumpToBootloaderAfterReset
 .text.Boot_Init
                0x08000b84       0x38 ./src/Boot_jumper.o
                0x08000b84                Boot_Init
 .text.Boot_Deinit
                0x08000bbc       0x20 ./src/Boot_jumper.o
                0x08000bbc                Boot_Deinit
 .text.Boot_StartupHandler
                0x08000bdc       0x50 ./src/Boot_jumper.o
                0x08000bdc                Boot_StartupHandler
 .text.main     0x08000c2c       0x38 ./src/main.o
                0x08000c2c                main
 .text.NMI_Handler
                0x08000c64        0x4 ./src/stm32f4xx_it.o
                0x08000c64                NMI_Handler
 .text.HardFault_Handler
                0x08000c68        0x4 ./src/stm32f4xx_it.o
                0x08000c68                HardFault_Handler
 .text.MemManage_Handler
                0x08000c6c        0x4 ./src/stm32f4xx_it.o
                0x08000c6c                MemManage_Handler
 .text.BusFault_Handler
                0x08000c70        0x4 ./src/stm32f4xx_it.o
                0x08000c70                BusFault_Handler
 .text.UsageFault_Handler
                0x08000c74        0x4 ./src/stm32f4xx_it.o
                0x08000c74                UsageFault_Handler
 .text.SVC_Handler
                0x08000c78        0x4 ./src/stm32f4xx_it.o
                0x08000c78                SVC_Handler
 .text.DebugMon_Handler
                0x08000c7c        0x4 ./src/stm32f4xx_it.o
                0x08000c7c                DebugMon_Handler
 .text.PendSV_Handler
                0x08000c80        0x4 ./src/stm32f4xx_it.o
                0x08000c80                PendSV_Handler
 .text.__errno  0x08000c84        0xc f:/toolchain_arm/bin/../lib/gcc/arm-none-eabi/5.2.1/../../../../arm-none-eabi/lib/armv7e-m\libg_nano.a(lib_a-errno.o)
                0x08000c84                __errno
 .text          0x08000c90       0x10 f:/toolchain_arm/bin/../lib/gcc/arm-none-eabi/5.2.1/../../../../arm-none-eabi/lib/armv7e-m\libg_nano.a(lib_a-strlen.o)
                0x08000c90                strlen
 .text._vsnprintf_r
                0x08000ca0       0x56 f:/toolchain_arm/bin/../lib/gcc/arm-none-eabi/5.2.1/../../../../arm-none-eabi/lib/armv7e-m\libg_nano.a(lib_a-vsnprintf.o)
                0x08000ca0                _vsniprintf_r
                0x08000ca0                _vsnprintf_r
 *fill*         0x08000cf6        0x2 
 .text.vsnprintf
                0x08000cf8       0x1c f:/toolchain_arm/bin/../lib/gcc/arm-none-eabi/5.2.1/../../../../arm-none-eabi/lib/armv7e-m\libg_nano.a(lib_a-vsnprintf.o)
                0x08000cf8                vsniprintf
                0x08000cf8                vsnprintf
 .text.__ssputs_r
                0x08000d14       0xb2 f:/toolchain_arm/bin/../lib/gcc/arm-none-eabi/5.2.1/../../../../arm-none-eabi/lib/armv7e-m\libg_nano.a(lib_a-nano-svfprintf.o)
                0x08000d14                __ssputs_r
 *fill*         0x08000dc6        0x2 
 .text._svfprintf_r
                0x08000dc8      0x1e8 f:/toolchain_arm/bin/../lib/gcc/arm-none-eabi/5.2.1/../../../../arm-none-eabi/lib/armv7e-m\libg_nano.a(lib_a-nano-svfprintf.o)
                0x08000dc8                _svfiprintf_r
                0x08000dc8                _svfprintf_r
 .text._printf_common
                0x08000fb0       0xec f:/toolchain_arm/bin/../lib/gcc/arm-none-eabi/5.2.1/../../../../arm-none-eabi/lib/armv7e-m\libg_nano.a(lib_a-nano-vfprintf_i.o)
                0x08000fb0                _printf_common
 .text._printf_i
                0x0800109c      0x24c f:/toolchain_arm/bin/../lib/gcc/arm-none-eabi/5.2.1/../../../../arm-none-eabi/lib/armv7e-m\libg_nano.a(lib_a-nano-vfprintf_i.o)
                0x0800109c                _printf_i
 *fill*         0x080012e8        0x8 
 .text          0x080012f0       0xa0 f:/toolchain_arm/bin/../lib/gcc/arm-none-eabi/5.2.1/../../../../arm-none-eabi/lib/armv7e-m\libg_nano.a(lib_a-memchr.o)
                0x080012f0                memchr
 .text.memcpy   0x08001390       0x16 f:/toolchain_arm/bin/../lib/gcc/arm-none-eabi/5.2.1/../../../../arm-none-eabi/lib/armv7e-m\libg_nano.a(lib_a-memcpy-stub.o)
                0x08001390                memcpy
 .text.memmove  0x080013a6       0x36 f:/toolchain_arm/bin/../lib/gcc/arm-none-eabi/5.2.1/../../../../arm-none-eabi/lib/armv7e-m\libg_nano.a(lib_a-memmove.o)
                0x080013a6                memmove
 .text._free_r  0x080013dc       0x8c f:/toolchain_arm/bin/../lib/gcc/arm-none-eabi/5.2.1/../../../../arm-none-eabi/lib/armv7e-m\libg_nano.a(lib_a-nano-freer.o)
                0x080013dc                _free_r
 .text._malloc_r
                0x08001468       0xa8 f:/toolchain_arm/bin/../lib/gcc/arm-none-eabi/5.2.1/../../../../arm-none-eabi/lib/armv7e-m\libg_nano.a(lib_a-nano-mallocr.o)
                0x08001468                _malloc_r
 .text._realloc_r
                0x08001510       0x4c f:/toolchain_arm/bin/../lib/gcc/arm-none-eabi/5.2.1/../../../../arm-none-eabi/lib/armv7e-m\libg_nano.a(lib_a-nano-reallocr.o)
                0x08001510                _realloc_r
 .text._sbrk_r  0x0800155c       0x20 f:/toolchain_arm/bin/../lib/gcc/arm-none-eabi/5.2.1/../../../../arm-none-eabi/lib/armv7e-m\libg_nano.a(lib_a-sbrkr.o)
                0x0800155c                _sbrk_r
 .text._malloc_usable_size_r
                0x0800157c       0x14 f:/toolchain_arm/bin/../lib/gcc/arm-none-eabi/5.2.1/../../../../arm-none-eabi/lib/armv7e-m\libg_nano.a(lib_a-nano-msizer.o)
                0x0800157c                _malloc_usable_size_r
 *(.rodata .rodata.* .constdata .constdata.*)
 .rodata.str1.4
                0x08001590       0x2a ./system/src/stm32f4-spl/stm32f4xx_pwr.o
 *fill*         0x080015ba        0x2 
 .rodata.str1.4
                0x080015bc       0x2a ./system/src/stm32f4-spl/stm32f4xx_rcc.o
 *fill*         0x080015e6        0x2 
 .rodata.str1.4
                0x080015e8       0x2a ./system/src/stm32f4-spl/stm32f4xx_rtc.o
 *fill*         0x08001612        0x2 
 .rodata.str1.4
                0x08001614       0x14 ./system/src/newlib/_exit.o
 .rodata.str1.4
                0x08001628       0x6b ./system/src/newlib/assert.o
                                 0x6f (size before relaxing)
 *fill*         0x08001693        0x1 
 .rodata.str1.4
                0x08001694       0x29 ./system/src/diag/Trace.o
                                 0x2d (size before relaxing)
 *fill*         0x080016bd        0x3 
 .rodata.str1.4
                0x080016c0      0x146 ./system/src/cortexm/exception_handlers.o
 *fill*         0x08001806        0x2 
 .rodata.str1.4
                0x08001808       0x60 ./src/main.o
 .rodata.str1.1
                0x08001868        0x2 f:/toolchain_arm/bin/../lib/gcc/arm-none-eabi/5.2.1/../../../../arm-none-eabi/lib/armv7e-m\libg_nano.a(lib_a-impure.o)
 .rodata.str1.1
                0x0800186a       0x11 f:/toolchain_arm/bin/../lib/gcc/arm-none-eabi/5.2.1/../../../../arm-none-eabi/lib/armv7e-m\libg_nano.a(lib_a-nano-svfprintf.o)
 .rodata.str1.1
                0x0800187b       0x22 f:/toolchain_arm/bin/../lib/gcc/arm-none-eabi/5.2.1/../../../../arm-none-eabi/lib/armv7e-m\libg_nano.a(lib_a-nano-vfprintf_i.o)
 *(vtable)
 *(.eh_frame*)
 *(.glue_7)
 .glue_7        0x0800189d        0x0 linker stubs
 *(.glue_7t)
 .glue_7t       0x0800189d        0x0 linker stubs

.vfp11_veneer   0x080018a0        0x0
 .vfp11_veneer  0x080018a0        0x0 linker stubs

.v4_bx          0x080018a0        0x0
 .v4_bx         0x080018a0        0x0 linker stubs

.iplt           0x080018a0        0x0
 .iplt          0x080018a0        0x0 ./system/src/stm32f4-spl/misc.o

.rel.dyn        0x080018a0        0x0
 .rel.iplt      0x080018a0        0x0 ./system/src/stm32f4-spl/misc.o

.ARM.extab
 *(.ARM.extab* .gnu.linkonce.armextab.*)
                0x080018a0                . = ALIGN (0x4)
                0x080018a0                __exidx_start = .

.ARM.exidx
 *(.ARM.exidx* .gnu.linkonce.armexidx.*)
                0x080018a0                __exidx_end = .
                0x080018a0                . = ALIGN (0x4)
                0x080018a0                _etext = .
                0x080018a0                __etext = .

.data_CCMRAM    0x10000000        0x0 load address 0x080018a0
 FILL mask 0xff
 *(.data.CCMRAM .data.CCMRAM.*)
                0x10000000                . = ALIGN (0x4)
                0x080018a0                _sidata = LOADADDR (.data)

.data           0x20000000       0x88 load address 0x080018a0
 FILL mask 0xff
                0x20000000                _sdata = .
                0x20000000                __data_start__ = .
 *(.data_begin .data_begin.*)
 .data_begin    0x20000000        0x4 ./system/src/newlib/_startup.o
 *(.data .data.*)
 .data.argv.4231
                0x20000004        0x8 ./system/src/newlib/_syscalls.o
 .data.AHBPrescTable
                0x2000000c       0x10 ./system/src/cmsis/system_stm32f4xx.o
                0x2000000c                AHBPrescTable
 .data.SystemCoreClock
                0x2000001c        0x4 ./system/src/cmsis/system_stm32f4xx.o
                0x2000001c                SystemCoreClock
 .data.impure_data
                0x20000020       0x60 f:/toolchain_arm/bin/../lib/gcc/arm-none-eabi/5.2.1/../../../../arm-none-eabi/lib/armv7e-m\libg_nano.a(lib_a-impure.o)
 .data._impure_ptr
                0x20000080        0x4 f:/toolchain_arm/bin/../lib/gcc/arm-none-eabi/5.2.1/../../../../arm-none-eabi/lib/armv7e-m\libg_nano.a(lib_a-impure.o)
                0x20000080                _impure_ptr
 *(.data_end .data_end.*)
 .data_end      0x20000084        0x4 ./system/src/newlib/_startup.o
                0x20000088                . = ALIGN (0x4)
                0x20000088                _edata = .
                0x20000088                __data_end__ = .

.igot.plt       0x20000088        0x0 load address 0x08001928
 .igot.plt      0x20000088        0x0 ./system/src/stm32f4-spl/misc.o

.bss_CCMRAM     0x10000000        0x0
 *(.bss.CCMRAM .bss.CCMRAM.*)

.bss            0x20000088       0xa0
                0x20000088                __bss_start__ = .
                0x20000088                _sbss = .
 *(.bss_begin .bss_begin.*)
 .bss_begin     0x20000088        0x4 ./system/src/newlib/_startup.o
 *(.bss .bss.*)
 .bss.current_heap_end.3942
                0x2000008c        0x4 ./system/src/newlib/_sbrk.o
 .bss.name.4230
                0x20000090        0x1 ./system/src/newlib/_syscalls.o
 *fill*         0x20000091        0x3 
 .bss.buf.5078  0x20000094       0x80 ./system/src/diag/Trace.o
 .bss.__malloc_sbrk_start
                0x20000114        0x4 f:/toolchain_arm/bin/../lib/gcc/arm-none-eabi/5.2.1/../../../../arm-none-eabi/lib/armv7e-m\libg_nano.a(lib_a-nano-mallocr.o)
                0x20000114                __malloc_sbrk_start
 .bss.__malloc_free_list
                0x20000118        0x4 f:/toolchain_arm/bin/../lib/gcc/arm-none-eabi/5.2.1/../../../../arm-none-eabi/lib/armv7e-m\libg_nano.a(lib_a-nano-mallocr.o)
                0x20000118                __malloc_free_list
 *(COMMON)
 COMMON         0x2000011c        0x4 ./system/src/newlib/_syscalls.o
                0x2000011c                errno
 COMMON         0x20000120        0x4 ./src/Boot_jumper.o
                0x20000120                JumpToBootloader
 *(.bss_end .bss_end.*)
 .bss_end       0x20000124        0x4 ./system/src/newlib/_startup.o
                0x20000128                . = ALIGN (0x4)
                0x20000128                __bss_end__ = .
                0x20000128                _ebss = .

.noinit_CCMRAM
 *(.noinit.CCMRAM .noinit.CCMRAM.*)

.noinit         0x20000128        0x0
                0x20000128                _noinit = .
 *(.noinit .noinit.*)
                0x20000128                . = ALIGN (0x4)
                0x20000128                _end_noinit = .
                [!provide]                PROVIDE (end, _end_noinit)
                [!provide]                PROVIDE (_end, _end_noinit)
                [!provide]                PROVIDE (__end, _end_noinit)
                [!provide]                PROVIDE (__end__, _end_noinit)

._check_stack   0x20000128      0x100
                0x20000228                . = (. + _Minimum_Stack_Size)
 *fill*         0x20000128      0x100 

.b1text
 *(.b1text)
 *(.b1rodata)
 *(.b1rodata.*)

.eb0text
 *(.eb0text)
 *(.eb0rodata)
 *(.eb0rodata.*)

.eb1text
 *(.eb1text)
 *(.eb1rodata)
 *(.eb1rodata.*)

.eb2text
 *(.eb2text)
 *(.eb2rodata)
 *(.eb2rodata.*)

.eb3text
 *(.eb3text)
 *(.eb3rodata)
 *(.eb3rodata.*)

.stab
 *(.stab)

.stabstr
 *(.stabstr)

.stab.excl
 *(.stab.excl)

.stab.exclstr
 *(.stab.exclstr)

.stab.index
 *(.stab.index)

.stab.indexstr
 *(.stab.indexstr)

.comment        0x00000000       0x6e
 *(.comment)
 .comment       0x00000000       0x6e ./system/src/stm32f4-spl/stm32f4xx_pwr.o
                                 0x6f (size before relaxing)
 .comment       0x0000006e       0x6f ./system/src/stm32f4-spl/stm32f4xx_rcc.o
 .comment       0x0000006e       0x6f ./system/src/stm32f4-spl/stm32f4xx_rtc.o
 .comment       0x0000006e       0x6f ./system/src/newlib/_exit.o
 .comment       0x0000006e       0x6f ./system/src/newlib/_sbrk.o
 .comment       0x0000006e       0x6f ./system/src/newlib/_startup.o
 .comment       0x0000006e       0x6f ./system/src/newlib/_syscalls.o
 .comment       0x0000006e       0x6f ./system/src/newlib/assert.o
 .comment       0x0000006e       0x6f ./system/src/diag/Trace.o
 .comment       0x0000006e       0x6f ./system/src/diag/trace_impl.o
 .comment       0x0000006e       0x6f ./system/src/cortexm/_initialize_hardware.o
 .comment       0x0000006e       0x6f ./system/src/cortexm/exception_handlers.o
 .comment       0x0000006e       0x6f ./system/src/cmsis/system_stm32f4xx.o
 .comment       0x0000006e       0x6f ./src/Boot_jumper.o
 .comment       0x0000006e       0x6f ./src/main.o
 .comment       0x0000006e       0x6f ./src/stm32f4xx_it.o

.ARM.attributes
                0x00000000       0x31
 .ARM.attributes
                0x00000000       0x33 ./system/src/stm32f4-spl/stm32f4xx_pwr.o
 .ARM.attributes
                0x00000033       0x33 ./system/src/stm32f4-spl/stm32f4xx_rcc.o
 .ARM.attributes
                0x00000066       0x33 ./system/src/stm32f4-spl/stm32f4xx_rtc.o
 .ARM.attributes
                0x00000099       0x33 ./system/src/newlib/_exit.o
 .ARM.attributes
                0x000000cc       0x33 ./system/src/newlib/_sbrk.o
 .ARM.attributes
                0x000000ff       0x33 ./system/src/newlib/_startup.o
 .ARM.attributes
                0x00000132       0x33 ./system/src/newlib/_syscalls.o
 .ARM.attributes
                0x00000165       0x33 ./system/src/newlib/assert.o
 .ARM.attributes
                0x00000198       0x33 ./system/src/diag/Trace.o
 .ARM.attributes
                0x000001cb       0x33 ./system/src/diag/trace_impl.o
 .ARM.attributes
                0x000001fe       0x33 ./system/src/cortexm/_initialize_hardware.o
 .ARM.attributes
                0x00000231       0x33 ./system/src/cortexm/exception_handlers.o
 .ARM.attributes
                0x00000264       0x21 ./system/src/cmsis/startup_stm32f401xx.o
 .ARM.attributes
                0x00000285       0x33 ./system/src/cmsis/system_stm32f4xx.o
 .ARM.attributes
                0x000002b8       0x33 ./src/Boot_jumper.o
 .ARM.attributes
                0x000002eb       0x33 ./src/main.o
 .ARM.attributes
                0x0000031e       0x33 ./src/stm32f4xx_it.o
 .ARM.attributes
                0x00000351       0x2e f:/toolchain_arm/bin/../lib/gcc/arm-none-eabi/5.2.1/../../../../arm-none-eabi/lib/armv7e-m\libg_nano.a(lib_a-errno.o)
 .ARM.attributes
                0x0000037f       0x2e f:/toolchain_arm/bin/../lib/gcc/arm-none-eabi/5.2.1/../../../../arm-none-eabi/lib/armv7e-m\libg_nano.a(lib_a-impure.o)
 .ARM.attributes
                0x000003ad       0x17 f:/toolchain_arm/bin/../lib/gcc/arm-none-eabi/5.2.1/../../../../arm-none-eabi/lib/armv7e-m\libg_nano.a(lib_a-strlen.o)
 .ARM.attributes
                0x000003c4       0x2e f:/toolchain_arm/bin/../lib/gcc/arm-none-eabi/5.2.1/../../../../arm-none-eabi/lib/armv7e-m\libg_nano.a(lib_a-vsnprintf.o)
 .ARM.attributes
                0x000003f2       0x2e f:/toolchain_arm/bin/../lib/gcc/arm-none-eabi/5.2.1/../../../../arm-none-eabi/lib/armv7e-m\libg_nano.a(lib_a-nano-svfprintf.o)
 .ARM.attributes
                0x00000420       0x2e f:/toolchain_arm/bin/../lib/gcc/arm-none-eabi/5.2.1/../../../../arm-none-eabi/lib/armv7e-m\libg_nano.a(lib_a-nano-vfprintf_i.o)
 .ARM.attributes
                0x0000044e       0x1c f:/toolchain_arm/bin/../lib/gcc/arm-none-eabi/5.2.1/../../../../arm-none-eabi/lib/armv7e-m\libg_nano.a(lib_a-memchr.o)
 .ARM.attributes
                0x0000046a       0x2e f:/toolchain_arm/bin/../lib/gcc/arm-none-eabi/5.2.1/../../../../arm-none-eabi/lib/armv7e-m\libg_nano.a(lib_a-memcpy-stub.o)
 .ARM.attributes
                0x00000498       0x2e f:/toolchain_arm/bin/../lib/gcc/arm-none-eabi/5.2.1/../../../../arm-none-eabi/lib/armv7e-m\libg_nano.a(lib_a-memmove.o)
 .ARM.attributes
                0x000004c6       0x2e f:/toolchain_arm/bin/../lib/gcc/arm-none-eabi/5.2.1/../../../../arm-none-eabi/lib/armv7e-m\libg_nano.a(lib_a-nano-freer.o)
 .ARM.attributes
                0x000004f4       0x2e f:/toolchain_arm/bin/../lib/gcc/arm-none-eabi/5.2.1/../../../../arm-none-eabi/lib/armv7e-m\libg_nano.a(lib_a-nano-mallocr.o)
 .ARM.attributes
                0x00000522       0x2e f:/toolchain_arm/bin/../lib/gcc/arm-none-eabi/5.2.1/../../../../arm-none-eabi/lib/armv7e-m\libg_nano.a(lib_a-nano-reallocr.o)
 .ARM.attributes
                0x00000550       0x2e f:/toolchain_arm/bin/../lib/gcc/arm-none-eabi/5.2.1/../../../../arm-none-eabi/lib/armv7e-m\libg_nano.a(lib_a-sbrkr.o)
 .ARM.attributes
                0x0000057e       0x2e f:/toolchain_arm/bin/../lib/gcc/arm-none-eabi/5.2.1/../../../../arm-none-eabi/lib/armv7e-m\libg_nano.a(lib_a-nano-msizer.o)

.debug
 *(.debug)

.line
 *(.line)

.debug_srcinfo
 *(.debug_srcinfo)

.debug_sfnames
 *(.debug_sfnames)

.debug_aranges  0x00000000      0x750
 *(.debug_aranges)
 .debug_aranges
                0x00000000       0xa8 ./system/src/stm32f4-spl/stm32f4xx_pwr.o
 .debug_aranges
                0x000000a8      0x1a8 ./system/src/stm32f4-spl/stm32f4xx_rcc.o
 .debug_aranges
                0x00000250      0x1e0 ./system/src/stm32f4-spl/stm32f4xx_rtc.o
 .debug_aranges
                0x00000430       0x28 ./system/src/newlib/_exit.o
 .debug_aranges
                0x00000458       0x20 ./system/src/newlib/_sbrk.o
 .debug_aranges
                0x00000478       0x40 ./system/src/newlib/_startup.o
 .debug_aranges
                0x000004b8       0x30 ./system/src/newlib/_syscalls.o
 .debug_aranges
                0x000004e8       0x28 ./system/src/newlib/assert.o
 .debug_aranges
                0x00000510       0x38 ./system/src/diag/Trace.o
 .debug_aranges
                0x00000548       0x30 ./system/src/diag/trace_impl.o
 .debug_aranges
                0x00000578       0x28 ./system/src/cortexm/_initialize_hardware.o
 .debug_aranges
                0x000005a0       0x90 ./system/src/cortexm/exception_handlers.o
 .debug_aranges
                0x00000630       0x28 ./system/src/cmsis/startup_stm32f401xx.o
 .debug_aranges
                0x00000658       0x30 ./system/src/cmsis/system_stm32f4xx.o
 .debug_aranges
                0x00000688       0x48 ./src/Boot_jumper.o
 .debug_aranges
                0x000006d0       0x28 ./src/main.o
 .debug_aranges
                0x000006f8       0x58 ./src/stm32f4xx_it.o

.debug_pubnames
 *(.debug_pubnames)

.debug_info     0x00000000     0x6997
 *(.debug_info .gnu.linkonce.wi.*)
 .debug_info    0x00000000      0x844 ./system/src/stm32f4-spl/stm32f4xx_pwr.o
 .debug_info    0x00000844     0x153b ./system/src/stm32f4-spl/stm32f4xx_rcc.o
 .debug_info    0x00001d7f     0x1dcf ./system/src/stm32f4-spl/stm32f4xx_rtc.o
 .debug_info    0x00003b4e       0xef ./system/src/newlib/_exit.o
 .debug_info    0x00003c3d      0x11f ./system/src/newlib/_sbrk.o
 .debug_info    0x00003d5c      0x4ef ./system/src/newlib/_startup.o
 .debug_info    0x0000424b      0x1bc ./system/src/newlib/_syscalls.o
 .debug_info    0x00004407      0x1a3 ./system/src/newlib/assert.o
 .debug_info    0x000045aa      0x2e7 ./system/src/diag/Trace.o
 .debug_info    0x00004891      0x30a ./system/src/diag/trace_impl.o
 .debug_info    0x00004b9b      0x29c ./system/src/cortexm/_initialize_hardware.o
 .debug_info    0x00004e37      0x8ea ./system/src/cortexm/exception_handlers.o
 .debug_info    0x00005721       0x9e ./system/src/cmsis/startup_stm32f401xx.o
 .debug_info    0x000057bf      0x57e ./system/src/cmsis/system_stm32f4xx.o
 .debug_info    0x00005d3d      0x7f9 ./src/Boot_jumper.o
 .debug_info    0x00006536      0x3af ./src/main.o
 .debug_info    0x000068e5       0xb2 ./src/stm32f4xx_it.o

.debug_abbrev   0x00000000     0x15fb
 *(.debug_abbrev)
 .debug_abbrev  0x00000000      0x1b4 ./system/src/stm32f4-spl/stm32f4xx_pwr.o
 .debug_abbrev  0x000001b4      0x1f8 ./system/src/stm32f4-spl/stm32f4xx_rcc.o
 .debug_abbrev  0x000003ac      0x1ec ./system/src/stm32f4-spl/stm32f4xx_rtc.o
 .debug_abbrev  0x00000598       0x8e ./system/src/newlib/_exit.o
 .debug_abbrev  0x00000626       0xb9 ./system/src/newlib/_sbrk.o
 .debug_abbrev  0x000006df      0x1d4 ./system/src/newlib/_startup.o
 .debug_abbrev  0x000008b3       0xec ./system/src/newlib/_syscalls.o
 .debug_abbrev  0x0000099f       0xab ./system/src/newlib/assert.o
 .debug_abbrev  0x00000a4a      0x156 ./system/src/diag/Trace.o
 .debug_abbrev  0x00000ba0      0x1c8 ./system/src/diag/trace_impl.o
 .debug_abbrev  0x00000d68       0xea ./system/src/cortexm/_initialize_hardware.o
 .debug_abbrev  0x00000e52      0x247 ./system/src/cortexm/exception_handlers.o
 .debug_abbrev  0x00001099       0x12 ./system/src/cmsis/startup_stm32f401xx.o
 .debug_abbrev  0x000010ab      0x127 ./system/src/cmsis/system_stm32f4xx.o
 .debug_abbrev  0x000011d2      0x247 ./src/Boot_jumper.o
 .debug_abbrev  0x00001419      0x198 ./src/main.o
 .debug_abbrev  0x000015b1       0x4a ./src/stm32f4xx_it.o

.debug_line     0x00000000     0x4839
 *(.debug_line)
 .debug_line    0x00000000      0x51e ./system/src/stm32f4-spl/stm32f4xx_pwr.o
 .debug_line    0x0000051e      0xad4 ./system/src/stm32f4-spl/stm32f4xx_rcc.o
 .debug_line    0x00000ff2      0xd1c ./system/src/stm32f4-spl/stm32f4xx_rtc.o
 .debug_line    0x00001d0e      0x26e ./system/src/newlib/_exit.o
 .debug_line    0x00001f7c      0x220 ./system/src/newlib/_sbrk.o
 .debug_line    0x0000219c      0x2e8 ./system/src/newlib/_startup.o
 .debug_line    0x00002484      0x2fb ./system/src/newlib/_syscalls.o
 .debug_line    0x0000277f      0x2a9 ./system/src/newlib/assert.o
 .debug_line    0x00002a28      0x2cd ./system/src/diag/Trace.o
 .debug_line    0x00002cf5      0x506 ./system/src/diag/trace_impl.o
 .debug_line    0x000031fb      0x2fd ./system/src/cortexm/_initialize_hardware.o
 .debug_line    0x000034f8      0x5a3 ./system/src/cortexm/exception_handlers.o
 .debug_line    0x00003a9b       0x86 ./system/src/cmsis/startup_stm32f401xx.o
 .debug_line    0x00003b21      0x321 ./system/src/cmsis/system_stm32f4xx.o
 .debug_line    0x00003e42      0x3ce ./src/Boot_jumper.o
 .debug_line    0x00004210      0x54d ./src/main.o
 .debug_line    0x0000475d       0xdc ./src/stm32f4xx_it.o

.debug_frame    0x00000000     0x146c
 *(.debug_frame)
 .debug_frame   0x00000000      0x1c0 ./system/src/stm32f4-spl/stm32f4xx_pwr.o
 .debug_frame   0x000001c0      0x4fc ./system/src/stm32f4-spl/stm32f4xx_rcc.o
 .debug_frame   0x000006bc      0x57c ./system/src/stm32f4-spl/stm32f4xx_rtc.o
 .debug_frame   0x00000c38       0x38 ./system/src/newlib/_exit.o
 .debug_frame   0x00000c70       0x28 ./system/src/newlib/_sbrk.o
 .debug_frame   0x00000c98       0x7c ./system/src/newlib/_startup.o
 .debug_frame   0x00000d14       0x50 ./system/src/newlib/_syscalls.o
 .debug_frame   0x00000d64       0x40 ./system/src/newlib/assert.o
 .debug_frame   0x00000da4       0x94 ./system/src/diag/Trace.o
 .debug_frame   0x00000e38       0x60 ./system/src/diag/trace_impl.o
 .debug_frame   0x00000e98       0x40 ./system/src/cortexm/_initialize_hardware.o
 .debug_frame   0x00000ed8      0x158 ./system/src/cortexm/exception_handlers.o
 .debug_frame   0x00001030       0x48 ./system/src/cmsis/system_stm32f4xx.o
 .debug_frame   0x00001078       0x98 ./src/Boot_jumper.o
 .debug_frame   0x00001110       0x44 ./src/main.o
 .debug_frame   0x00001154       0x90 ./src/stm32f4xx_it.o
 .debug_frame   0x000011e4       0x20 f:/toolchain_arm/bin/../lib/gcc/arm-none-eabi/5.2.1/../../../../arm-none-eabi/lib/armv7e-m\libg_nano.a(lib_a-errno.o)
 .debug_frame   0x00001204       0x48 f:/toolchain_arm/bin/../lib/gcc/arm-none-eabi/5.2.1/../../../../arm-none-eabi/lib/armv7e-m\libg_nano.a(lib_a-vsnprintf.o)
 .debug_frame   0x0000124c       0x90 f:/toolchain_arm/bin/../lib/gcc/arm-none-eabi/5.2.1/../../../../arm-none-eabi/lib/armv7e-m\libg_nano.a(lib_a-nano-svfprintf.o)
 .debug_frame   0x000012dc       0x60 f:/toolchain_arm/bin/../lib/gcc/arm-none-eabi/5.2.1/../../../../arm-none-eabi/lib/armv7e-m\libg_nano.a(lib_a-nano-vfprintf_i.o)
 .debug_frame   0x0000133c       0x28 f:/toolchain_arm/bin/../lib/gcc/arm-none-eabi/5.2.1/../../../../arm-none-eabi/lib/armv7e-m\libg_nano.a(lib_a-memcpy-stub.o)
 .debug_frame   0x00001364       0x28 f:/toolchain_arm/bin/../lib/gcc/arm-none-eabi/5.2.1/../../../../arm-none-eabi/lib/armv7e-m\libg_nano.a(lib_a-memmove.o)
 .debug_frame   0x0000138c       0x2c f:/toolchain_arm/bin/../lib/gcc/arm-none-eabi/5.2.1/../../../../arm-none-eabi/lib/armv7e-m\libg_nano.a(lib_a-nano-freer.o)
 .debug_frame   0x000013b8       0x2c f:/toolchain_arm/bin/../lib/gcc/arm-none-eabi/5.2.1/../../../../arm-none-eabi/lib/armv7e-m\libg_nano.a(lib_a-nano-mallocr.o)
 .debug_frame   0x000013e4       0x3c f:/toolchain_arm/bin/../lib/gcc/arm-none-eabi/5.2.1/../../../../arm-none-eabi/lib/armv7e-m\libg_nano.a(lib_a-nano-reallocr.o)
 .debug_frame   0x00001420       0x2c f:/toolchain_arm/bin/../lib/gcc/arm-none-eabi/5.2.1/../../../../arm-none-eabi/lib/armv7e-m\libg_nano.a(lib_a-sbrkr.o)
 .debug_frame   0x0000144c       0x20 f:/toolchain_arm/bin/../lib/gcc/arm-none-eabi/5.2.1/../../../../arm-none-eabi/lib/armv7e-m\libg_nano.a(lib_a-nano-msizer.o)

.debug_str      0x00000000    0x5a19b
 *(.debug_str)
 .debug_str     0x00000000    0x51a15 ./system/src/stm32f4-spl/stm32f4xx_pwr.o
                              0x51bcd (size before relaxing)
 .debug_str     0x00051a15      0xd0c ./system/src/stm32f4-spl/stm32f4xx_rcc.o
                              0x5226e (size before relaxing)
 .debug_str     0x00052721      0xb7a ./system/src/stm32f4-spl/stm32f4xx_rtc.o
                              0x520d9 (size before relaxing)
 .debug_str     0x0005329b     0x4353 ./system/src/newlib/_exit.o
                               0x6a1e (size before relaxing)
 .debug_str     0x000575ee      0x4de ./system/src/newlib/_sbrk.o
                               0x5e2f (size before relaxing)
 .debug_str     0x00057acc      0x2f0 ./system/src/newlib/_startup.o
                               0x5a2a (size before relaxing)
 .debug_str     0x00057dbc      0xe06 ./system/src/newlib/_syscalls.o
                               0x6c77 (size before relaxing)
 .debug_str     0x00058bc2       0xdf ./system/src/newlib/assert.o
                               0x7527 (size before relaxing)
 .debug_str     0x00058ca1      0x9b3 ./system/src/diag/Trace.o
                               0x732e (size before relaxing)
 .debug_str     0x00059654      0x381 ./system/src/diag/trace_impl.o
                              0x54efe (size before relaxing)
 .debug_str     0x000599d5       0x5e ./system/src/cortexm/_initialize_hardware.o
                              0x515b0 (size before relaxing)
 .debug_str     0x00059a33      0x1a8 ./system/src/cortexm/exception_handlers.o
                              0x55cd9 (size before relaxing)
 .debug_str     0x00059bdb       0x9e ./system/src/cmsis/system_stm32f4xx.o
                              0x51717 (size before relaxing)
 .debug_str     0x00059c79      0x1e8 ./src/Boot_jumper.o
                              0x51987 (size before relaxing)
 .debug_str     0x00059e61      0x312 ./src/main.o
                              0x5657c (size before relaxing)
 .debug_str     0x0005a173       0x28 ./src/stm32f4xx_it.o
                               0x260a (size before relaxing)

.debug_loc      0x00000000     0x3378
 *(.debug_loc)
 .debug_loc     0x00000000      0x345 ./system/src/stm32f4-spl/stm32f4xx_pwr.o
 .debug_loc     0x00000345     0x1020 ./system/src/stm32f4-spl/stm32f4xx_rcc.o
 .debug_loc     0x00001365     0x1392 ./system/src/stm32f4-spl/stm32f4xx_rtc.o
 .debug_loc     0x000026f7       0x82 ./system/src/newlib/_sbrk.o
 .debug_loc     0x00002779      0x36e ./system/src/newlib/_startup.o
 .debug_loc     0x00002ae7       0x63 ./system/src/newlib/_syscalls.o
 .debug_loc     0x00002b4a      0x110 ./system/src/newlib/assert.o
 .debug_loc     0x00002c5a      0x102 ./system/src/diag/Trace.o
 .debug_loc     0x00002d5c      0x17c ./system/src/diag/trace_impl.o
 .debug_loc     0x00002ed8      0x2a8 ./system/src/cortexm/exception_handlers.o
 .debug_loc     0x00003180      0x132 ./system/src/cmsis/system_stm32f4xx.o
 .debug_loc     0x000032b2       0x79 ./src/Boot_jumper.o
 .debug_loc     0x0000332b       0x4d ./src/main.o

.debug_macinfo
 *(.debug_macinfo)

.debug_weaknames
 *(.debug_weaknames)

.debug_funcnames
 *(.debug_funcnames)

.debug_typenames
 *(.debug_typenames)

.debug_varnames
 *(.debug_varnames)
OUTPUT(STM32F401RE_SPL_C_Template.elf elf32-littlearm)

.debug_ranges   0x00000000      0x678
 .debug_ranges  0x00000000       0x98 ./system/src/stm32f4-spl/stm32f4xx_pwr.o
 .debug_ranges  0x00000098      0x198 ./system/src/stm32f4-spl/stm32f4xx_rcc.o
 .debug_ranges  0x00000230      0x1d0 ./system/src/stm32f4-spl/stm32f4xx_rtc.o
 .debug_ranges  0x00000400       0x18 ./system/src/newlib/_exit.o
 .debug_ranges  0x00000418       0x10 ./system/src/newlib/_sbrk.o
 .debug_ranges  0x00000428       0x30 ./system/src/newlib/_startup.o
 .debug_ranges  0x00000458       0x20 ./system/src/newlib/_syscalls.o
 .debug_ranges  0x00000478       0x18 ./system/src/newlib/assert.o
 .debug_ranges  0x00000490       0x28 ./system/src/diag/Trace.o
 .debug_ranges  0x000004b8       0x38 ./system/src/diag/trace_impl.o
 .debug_ranges  0x000004f0       0x18 ./system/src/cortexm/_initialize_hardware.o
 .debug_ranges  0x00000508       0x98 ./system/src/cortexm/exception_handlers.o
 .debug_ranges  0x000005a0       0x20 ./system/src/cmsis/startup_stm32f401xx.o
 .debug_ranges  0x000005c0       0x20 ./system/src/cmsis/system_stm32f4xx.o
 .debug_ranges  0x000005e0       0x38 ./src/Boot_jumper.o
 .debug_ranges  0x00000618       0x18 ./src/main.o
 .debug_ranges  0x00000630       0x48 ./src/stm32f4xx_it.o

.debug_macro    0x00000000     0x445c
 .debug_macro   0x00000000      0x1df ./system/src/stm32f4-spl/stm32f4xx_pwr.o
 .debug_macro   0x000001df       0xe5 ./system/src/stm32f4-spl/stm32f4xx_pwr.o
 .debug_macro   0x000002c4      0x20c ./system/src/stm32f4-spl/stm32f4xx_rcc.o
 .debug_macro   0x000004d0      0x63c ./system/src/stm32f4-spl/stm32f4xx_rcc.o
 .debug_macro   0x00000b0c      0x182 ./system/src/stm32f4-spl/stm32f4xx_rtc.o
 .debug_macro   0x00000c8e      0x575 ./system/src/stm32f4-spl/stm32f4xx_rtc.o
 .debug_macro   0x00001203      0x172 ./system/src/newlib/_exit.o
 .debug_macro   0x00001375       0x9c ./system/src/newlib/_exit.o
 .debug_macro   0x00001411      0x10e ./system/src/newlib/_exit.o
 .debug_macro   0x0000151f       0x8d ./system/src/newlib/_exit.o
 .debug_macro   0x000015ac       0x43 ./system/src/newlib/_exit.o
 .debug_macro   0x000015ef      0x329 ./system/src/newlib/_exit.o
 .debug_macro   0x00001918       0x35 ./system/src/newlib/_exit.o
 .debug_macro   0x0000194d      0x12e ./system/src/newlib/_sbrk.o
 .debug_macro   0x00001a7b      0x174 ./system/src/newlib/_sbrk.o
 .debug_macro   0x00001bef       0x10 ./system/src/newlib/_sbrk.o
 .debug_macro   0x00001bff      0x23b ./system/src/newlib/_sbrk.o
 .debug_macro   0x00001e3a      0x138 ./system/src/newlib/_startup.o
 .debug_macro   0x00001f72      0x89e ./system/src/newlib/_startup.o
 .debug_macro   0x00002810      0x1c6 ./system/src/newlib/_syscalls.o
 .debug_macro   0x000029d6       0x1c ./system/src/newlib/_syscalls.o
 .debug_macro   0x000029f2       0x10 ./system/src/newlib/_syscalls.o
 .debug_macro   0x00002a02       0x10 ./system/src/newlib/_syscalls.o
 .debug_macro   0x00002a12       0x10 ./system/src/newlib/_syscalls.o
 .debug_macro   0x00002a22       0x35 ./system/src/newlib/_syscalls.o
 .debug_macro   0x00002a57      0x122 ./system/src/newlib/_syscalls.o
 .debug_macro   0x00002b79       0x88 ./system/src/newlib/_syscalls.o
 .debug_macro   0x00002c01       0x2b ./system/src/newlib/_syscalls.o
 .debug_macro   0x00002c2c      0x118 ./system/src/newlib/_syscalls.o
 .debug_macro   0x00002d44      0x159 ./system/src/newlib/_syscalls.o
 .debug_macro   0x00002e9d       0x16 ./system/src/newlib/_syscalls.o
 .debug_macro   0x00002eb3      0x18e ./system/src/newlib/assert.o
 .debug_macro   0x00003041       0x1c ./system/src/newlib/assert.o
 .debug_macro   0x0000305d      0x19f ./system/src/diag/Trace.o
 .debug_macro   0x000031fc       0x16 ./system/src/diag/Trace.o
 .debug_macro   0x00003212       0x97 ./system/src/diag/Trace.o
 .debug_macro   0x000032a9       0xfd ./system/src/diag/Trace.o
 .debug_macro   0x000033a6       0x10 ./system/src/diag/Trace.o
 .debug_macro   0x000033b6       0x16 ./system/src/diag/Trace.o
 .debug_macro   0x000033cc      0x197 ./system/src/diag/Trace.o
 .debug_macro   0x00003563       0x52 ./system/src/diag/Trace.o
 .debug_macro   0x000035b5       0x16 ./system/src/diag/Trace.o
 .debug_macro   0x000035cb      0x276 ./system/src/diag/trace_impl.o
 .debug_macro   0x00003841       0x10 ./system/src/diag/trace_impl.o
 .debug_macro   0x00003851       0xcf ./system/src/diag/trace_impl.o
 .debug_macro   0x00003920       0x19 ./system/src/diag/trace_impl.o
 .debug_macro   0x00003939       0xbe ./system/src/diag/trace_impl.o
 .debug_macro   0x000039f7       0x22 ./system/src/diag/trace_impl.o
 .debug_macro   0x00003a19      0x142 ./system/src/cortexm/_initialize_hardware.o
 .debug_macro   0x00003b5b      0x2b1 ./system/src/cortexm/exception_handlers.o
 .debug_macro   0x00003e0c       0x10 ./system/src/cortexm/exception_handlers.o
 .debug_macro   0x00003e1c      0x15b ./system/src/cmsis/system_stm32f4xx.o
 .debug_macro   0x00003f77      0x18b ./src/Boot_jumper.o
 .debug_macro   0x00004102      0x335 ./src/main.o
 .debug_macro   0x00004437       0x25 ./src/stm32f4xx_it.o
